// Jest Snapshot v1, https://goo.gl/fbAQLP

exports[`Avatar displays a single <img> 1`] = `
<img
  alt="@test1"
  className="avatar"
  height={20}
  src="test1.jpg"
  width={20}
/>
`;
