// Jest Snapshot v1, https://goo.gl/fbAQLP

exports[`Button displays a <button> element 1`] = `
<button
  className="btn btn-default"
  type="button"
>
  Foo
</button>
`;
